A51 MACRO ASSEMBLER  TIMER                                                                04/09/2025 20:26:42 PAGE     1


MACRO ASSEMBLER A51 V8.2.7.0
OBJECT MODULE PLACED IN .\Objects\timer.obj
ASSEMBLER INVOKED BY: C:\Keil_v5\C51\BIN\A51.EXE timer.a51 SET(SMALL) DEBUG PRINT(.\Listings\timer.lst) OBJECT(.\Objects
                      \timer.obj) EP

LOC  OBJ            LINE     SOURCE

0000                   1     ORG 00H          ; Start of program memory
                       2     
                       3     ; Main Program
0000                   4     MAIN: 
0000 758901            5         MOV TMOD, #01H        ; Set Timer 0 in Mode 1 (16-bit timer mode)
                       6     
0003                   7     AGAIN1: 
0003 7590FF            8         MOV P1, #0FFH         ; Set all pins of Port 1 to HIGH
0006 110F              9         ACALL DELAY           ; Call delay subroutine
0008 759000           10         MOV P1, #00H          ; Set all pins of Port 1 to LOW
000B 110F             11         ACALL DELAY           ; Call delay subroutine
000D 80F4             12         SJMP AGAIN1           ; Repeat the loop forever
                      13     
                      14     ; Delay Subroutine (5ms)
000F                  15     DELAY: 
000F 758A00           16         MOV TL0, #00H         ; Load Timer 0 low byte
0012 758CEE           17         MOV TH0, #0EEH        ; Load Timer 0 high byte for ~5ms delay
0015 D28C             18         SETB TR0              ; Start Timer 0
0017                  19     AGAIN: 
0017 308DFD           20         JNB TF0, AGAIN        ; Wait until Timer 0 overflows (TF0 = 1)
001A C28C             21         CLR TR0               ; Stop Timer 0
001C C28D             22         CLR TF0               ; Clear Timer 0 overflow flag
001E 22               23         RET                   ; Return from subroutine
                      24     
                      25     END
A51 MACRO ASSEMBLER  TIMER                                                                04/09/2025 20:26:42 PAGE     2

SYMBOL TABLE LISTING
------ ----- -------


N A M E             T Y P E  V A L U E   ATTRIBUTES

AGAIN. . . . . . .  C ADDR   0017H   A   
AGAIN1 . . . . . .  C ADDR   0003H   A   
DELAY. . . . . . .  C ADDR   000FH   A   
MAIN . . . . . . .  C ADDR   0000H   A   
P1 . . . . . . . .  D ADDR   0090H   A   
TF0. . . . . . . .  B ADDR   0088H.5 A   
TH0. . . . . . . .  D ADDR   008CH   A   
TL0. . . . . . . .  D ADDR   008AH   A   
TMOD . . . . . . .  D ADDR   0089H   A   
TR0. . . . . . . .  B ADDR   0088H.4 A   


REGISTER BANK(S) USED: 0 


ASSEMBLY COMPLETE.  0 WARNING(S), 0 ERROR(S)
